<?xml version="1.0" encoding="UTF-8"?>
<Package xmlns="http://soap.sforce.com/2006/04/metadata">
    <types>
        <members>Foo__c.DeleteMe__c</members>
        <name>CustomField</name>
    </types>
    <types>
        <members>DeleteMe__c</members>
        <name>CustomObject</name>
    </types>
</Package>
